CCS PCM C Compiler, Version 5.081, 13314               25-fev-19 10:00

               Filename:   C:\Users\pedro\OneDrive\Faculdade\Faculdade\2019.1\Microcontroladores\Potenciometro2Displays7\Potenciometro2Displays7.lst

               ROM used:   222 words (3%)
                           Largest free fragment is 2048
               RAM used:   11 (3%) at main() level
                           14 (4%) worst case
               Stack used: 1 locations
               Stack size: 8

*
0000:  MOVLW  00
0001:  MOVWF  0A
0002:  GOTO   08A
0003:  NOP
.................... #include <16F877A.h> 
.................... //////////// Standard Header file for the PIC16F877A device //////////////// 
.................... /////////////////////////////////////////////////////////////////////////// 
.................... ////        (C) Copyright 1996, 2014 Custom Computer Services          //// 
.................... //// This source code may only be used by licensed users of the CCS C  //// 
.................... //// compiler.  This source code may only be distributed to other      //// 
.................... //// licensed users of the CCS C compiler.  No other use, reproduction //// 
.................... //// or distribution is permitted without written permission.          //// 
.................... //// Derivative programs created using this software in object code    //// 
.................... //// form are not restricted in any way.                               //// 
.................... /////////////////////////////////////////////////////////////////////////// 
.................... #device PIC16F877A 
0004:  MOVF   27,W
0005:  CLRF   78
0006:  SUBWF  26,W
0007:  BTFSC  03.0
0008:  GOTO   00C
0009:  MOVF   26,W
000A:  MOVWF  77
000B:  GOTO   018
000C:  CLRF   77
000D:  MOVLW  08
000E:  MOVWF  28
000F:  RLF    26,F
0010:  RLF    77,F
0011:  MOVF   27,W
0012:  SUBWF  77,W
0013:  BTFSC  03.0
0014:  MOVWF  77
0015:  RLF    78,F
0016:  DECFSZ 28,F
0017:  GOTO   00F
0018:  RETURN
....................  
.................... #list 
....................  
.................... #device ADC=8 
.................... #use delay(crystal=20000000) 
*
0076:  MOVLW  26
0077:  MOVWF  04
0078:  BCF    03.7
0079:  MOVF   00,W
007A:  BTFSC  03.2
007B:  GOTO   089
007C:  MOVLW  06
007D:  MOVWF  78
007E:  CLRF   77
007F:  DECFSZ 77,F
0080:  GOTO   07F
0081:  DECFSZ 78,F
0082:  GOTO   07E
0083:  MOVLW  7B
0084:  MOVWF  77
0085:  DECFSZ 77,F
0086:  GOTO   085
0087:  DECFSZ 00,F
0088:  GOTO   07C
0089:  RETURN
....................  
.................... #define zero   0b11000000 //0b00111111 
.................... #define um     0b11111001 //0b00000110 
.................... #define dois   0b10100100 //0b01011011 
.................... #define tres   0b10110000 //0b01001111 
.................... #define quatro 0b10011001 //0b01100110 
.................... #define cinco  0b10010010 //0b01101101 
.................... #define seis   0b10000010 //0b01111101 
.................... #define sete   0b11111000 //0b00000111 
.................... #define oito   0b10000000 //0b01111111 
.................... #define nove   0b10011000 //0b01100111 
....................  
.................... void numeros(n){ 
....................    switch(n){ 
*
0019:  MOVF   26,W
001A:  XORLW  00
001B:  BTFSC  03.2
001C:  GOTO   039
001D:  XORLW  01
001E:  BTFSC  03.2
001F:  GOTO   03F
0020:  XORLW  03
0021:  BTFSC  03.2
0022:  GOTO   045
0023:  XORLW  01
0024:  BTFSC  03.2
0025:  GOTO   04B
0026:  XORLW  07
0027:  BTFSC  03.2
0028:  GOTO   051
0029:  XORLW  01
002A:  BTFSC  03.2
002B:  GOTO   057
002C:  XORLW  03
002D:  BTFSC  03.2
002E:  GOTO   05D
002F:  XORLW  01
0030:  BTFSC  03.2
0031:  GOTO   063
0032:  XORLW  0F
0033:  BTFSC  03.2
0034:  GOTO   069
0035:  XORLW  01
0036:  BTFSC  03.2
0037:  GOTO   06F
0038:  GOTO   075
....................       case 0:{output_d(zero);break;} 
0039:  BSF    03.5
003A:  CLRF   08
003B:  MOVLW  C0
003C:  BCF    03.5
003D:  MOVWF  08
003E:  GOTO   075
....................       case 1:{output_d(um);break;} 
003F:  BSF    03.5
0040:  CLRF   08
0041:  MOVLW  F9
0042:  BCF    03.5
0043:  MOVWF  08
0044:  GOTO   075
....................       case 2:{output_d(dois);break;} 
0045:  BSF    03.5
0046:  CLRF   08
0047:  MOVLW  A4
0048:  BCF    03.5
0049:  MOVWF  08
004A:  GOTO   075
....................       case 3:{output_d(tres);break;} 
004B:  BSF    03.5
004C:  CLRF   08
004D:  MOVLW  B0
004E:  BCF    03.5
004F:  MOVWF  08
0050:  GOTO   075
....................       case 4:{output_d(quatro);break;} 
0051:  BSF    03.5
0052:  CLRF   08
0053:  MOVLW  99
0054:  BCF    03.5
0055:  MOVWF  08
0056:  GOTO   075
....................       case 5:{output_d(cinco);break;} 
0057:  BSF    03.5
0058:  CLRF   08
0059:  MOVLW  92
005A:  BCF    03.5
005B:  MOVWF  08
005C:  GOTO   075
....................       case 6:{output_d(seis);break;} 
005D:  BSF    03.5
005E:  CLRF   08
005F:  MOVLW  82
0060:  BCF    03.5
0061:  MOVWF  08
0062:  GOTO   075
....................       case 7:{output_d(sete);break;} 
0063:  BSF    03.5
0064:  CLRF   08
0065:  MOVLW  F8
0066:  BCF    03.5
0067:  MOVWF  08
0068:  GOTO   075
....................       case 8:{output_d(oito);break;} 
0069:  BSF    03.5
006A:  CLRF   08
006B:  MOVLW  80
006C:  BCF    03.5
006D:  MOVWF  08
006E:  GOTO   075
....................       case 9:{output_d(nove);break;} 
006F:  BSF    03.5
0070:  CLRF   08
0071:  MOVLW  98
0072:  BCF    03.5
0073:  MOVWF  08
0074:  GOTO   075
....................        
....................       default:{break;} 
....................        
....................    } 
0075:  RETURN
.................... } 
....................  
.................... void main() 
*
008A:  MOVF   03,W
008B:  ANDLW  1F
008C:  MOVWF  03
008D:  MOVLW  FF
008E:  MOVWF  20
008F:  BSF    03.5
0090:  BSF    1F.0
0091:  BSF    1F.1
0092:  BSF    1F.2
0093:  BCF    1F.3
0094:  MOVLW  07
0095:  MOVWF  1C
0096:  BCF    03.7
.................... { 
....................    setup_adc_ports(AN0); 
0097:  BCF    1F.0
0098:  BSF    1F.1
0099:  BSF    1F.2
009A:  BSF    1F.3
....................    setup_adc(ADC_CLOCK_DIV_64); 
009B:  BSF    1F.6
009C:  BCF    03.5
009D:  BCF    1F.6
009E:  BSF    1F.7
009F:  BSF    03.5
00A0:  BCF    1F.7
00A1:  BCF    03.5
00A2:  BSF    1F.0
....................     
....................    int valor; 
....................    int16 i; 
....................    int U, D; 
....................     
....................    while(TRUE) 
....................    { 
....................       i = read_adc(); 
00A3:  BSF    1F.2
00A4:  BTFSC  1F.2
00A5:  GOTO   0A4
00A6:  CLRF   23
00A7:  MOVF   1E,W
00A8:  MOVWF  22
....................       valor =(int) (99/255) * i; 
00A9:  CLRF   21
....................       //valor =  i * 0.38823529411764705882352941176471; 
....................       U = valor % 10; 
00AA:  MOVF   21,W
00AB:  MOVWF  26
00AC:  MOVLW  0A
00AD:  MOVWF  27
00AE:  CALL   004
00AF:  MOVF   77,W
00B0:  MOVWF  24
....................       D = valor /10; 
00B1:  MOVF   21,W
00B2:  MOVWF  26
00B3:  MOVLW  0A
00B4:  MOVWF  27
00B5:  CALL   004
00B6:  MOVF   78,W
00B7:  MOVWF  25
....................        
....................       output_high(PIN_C0); 
00B8:  BCF    20.0
00B9:  MOVF   20,W
00BA:  BSF    03.5
00BB:  MOVWF  07
00BC:  BCF    03.5
00BD:  BSF    07.0
....................       numeros(D); 
00BE:  MOVF   25,W
00BF:  MOVWF  26
00C0:  CALL   019
....................       delay_ms(5); 
00C1:  MOVLW  05
00C2:  MOVWF  26
00C3:  CALL   076
....................       output_low(PIN_C0); 
00C4:  BCF    20.0
00C5:  MOVF   20,W
00C6:  BSF    03.5
00C7:  MOVWF  07
00C8:  BCF    03.5
00C9:  BCF    07.0
....................        
....................       output_high(PIN_C1); 
00CA:  BCF    20.1
00CB:  MOVF   20,W
00CC:  BSF    03.5
00CD:  MOVWF  07
00CE:  BCF    03.5
00CF:  BSF    07.1
....................       numeros(U); 
00D0:  MOVF   24,W
00D1:  MOVWF  26
00D2:  CALL   019
....................       delay_ms(5); 
00D3:  MOVLW  05
00D4:  MOVWF  26
00D5:  CALL   076
....................       output_low(PIN_C1); 
00D6:  BCF    20.1
00D7:  MOVF   20,W
00D8:  BSF    03.5
00D9:  MOVWF  07
00DA:  BCF    03.5
00DB:  BCF    07.1
00DC:  GOTO   0A3
....................        
....................    } 
....................  
.................... } 
....................  
00DD:  SLEEP
....................  

Configuration Fuses:
   Word  1: 3F72   HS NOWDT PUT BROWNOUT NOLVP NOCPD NOWRT NODEBUG NOPROTECT
