CCS PCM C Compiler, Version 5.081, 13314               16-fev-19 23:38

               Filename:   C:\Users\pedro\OneDrive\Faculdade\Faculdade\2019.1\Microcontroladores\Semaforo.lst

               ROM used:   137 words (2%)
                           Largest free fragment is 2048
               RAM used:   7 (2%) at main() level
                           8 (2%) worst case
               Stack used: 0 locations
               Stack size: 8

*
0000:  MOVLW  00
0001:  MOVWF  0A
0002:  GOTO   018
0003:  NOP
.................... //#include <Semaforo.h> 
....................  
.................... #include <16F877A.h> 
.................... //////////// Standard Header file for the PIC16F877A device //////////////// 
.................... /////////////////////////////////////////////////////////////////////////// 
.................... ////        (C) Copyright 1996, 2014 Custom Computer Services          //// 
.................... //// This source code may only be used by licensed users of the CCS C  //// 
.................... //// compiler.  This source code may only be distributed to other      //// 
.................... //// licensed users of the CCS C compiler.  No other use, reproduction //// 
.................... //// or distribution is permitted without written permission.          //// 
.................... //// Derivative programs created using this software in object code    //// 
.................... //// form are not restricted in any way.                               //// 
.................... /////////////////////////////////////////////////////////////////////////// 
.................... #device PIC16F877A 
....................  
.................... #list 
....................  
.................... #device ADC=10 
....................  
.................... #FUSES NOLVP                    //No low voltage prgming, B3(PIC16) or B5(PIC18) used for I/O 
....................  
.................... #use delay(crystal=20000000) 
0004:  MOVLW  23
0005:  MOVWF  04
0006:  BCF    03.7
0007:  MOVF   00,W
0008:  BTFSC  03.2
0009:  GOTO   017
000A:  MOVLW  06
000B:  MOVWF  78
000C:  CLRF   77
000D:  DECFSZ 77,F
000E:  GOTO   00D
000F:  DECFSZ 78,F
0010:  GOTO   00C
0011:  MOVLW  7B
0012:  MOVWF  77
0013:  DECFSZ 77,F
0014:  GOTO   013
0015:  DECFSZ 00,F
0016:  GOTO   00A
0017:  RETURN
....................  
.................... #define VERDE_C PIN_B0 
.................... #define AMARELO_C PIN_B1 
.................... #define VERMELHO_C PIN_B2 
.................... #define VERDE_P PIN_B3 
.................... #define VERMELHO_P PIN_B4 
.................... #define BOTAO PIN_A0 
....................  
.................... void main() 
0018:  MOVF   03,W
0019:  ANDLW  1F
001A:  MOVWF  03
001B:  BSF    03.5
001C:  BSF    1F.0
001D:  BSF    1F.1
001E:  BSF    1F.2
001F:  BCF    1F.3
0020:  MOVLW  07
0021:  MOVWF  1C
0022:  BCF    03.7
.................... { 
....................    int i; 
....................    while(TRUE) 
....................    { 
....................       // inico 
....................       output_high(VERDE_C);      //liga verde carro 
0023:  BCF    06.0
0024:  BCF    03.5
0025:  BSF    06.0
....................       output_low(AMARELO_C);     //desliga amarelo carro 
0026:  BSF    03.5
0027:  BCF    06.1
0028:  BCF    03.5
0029:  BCF    06.1
....................       output_low(VERMELHO_C);    //desliga vermelho carro 
002A:  BSF    03.5
002B:  BCF    06.2
002C:  BCF    03.5
002D:  BCF    06.2
....................       output_low(VERDE_P);       //desliga verde pedestre 
002E:  BSF    03.5
002F:  BCF    06.3
0030:  BCF    03.5
0031:  BCF    06.3
....................       output_high(VERMELHO_P);   //liga vermelho pedestre 
0032:  BSF    03.5
0033:  BCF    06.4
0034:  BCF    03.5
0035:  BSF    06.4
....................     
....................       if(input(BOTAO)){ 
0036:  BSF    03.5
0037:  BSF    05.0
0038:  BCF    03.5
0039:  BTFSS  05.0
003A:  GOTO   086
....................          delay_ms(1000); 
003B:  MOVLW  04
003C:  MOVWF  22
003D:  MOVLW  FA
003E:  MOVWF  23
003F:  CALL   004
0040:  DECFSZ 22,F
0041:  GOTO   03D
....................           
....................          output_low(VERDE_C); 
0042:  BSF    03.5
0043:  BCF    06.0
0044:  BCF    03.5
0045:  BCF    06.0
....................          output_high(AMARELO_C); 
0046:  BSF    03.5
0047:  BCF    06.1
0048:  BCF    03.5
0049:  BSF    06.1
....................          delay_ms(500); 
004A:  MOVLW  02
004B:  MOVWF  22
004C:  MOVLW  FA
004D:  MOVWF  23
004E:  CALL   004
004F:  DECFSZ 22,F
0050:  GOTO   04C
....................           
....................          output_low(AMARELO_C); 
0051:  BSF    03.5
0052:  BCF    06.1
0053:  BCF    03.5
0054:  BCF    06.1
....................          output_high(VERMELHO_C); 
0055:  BSF    03.5
0056:  BCF    06.2
0057:  BCF    03.5
0058:  BSF    06.2
....................          output_high(VERDE_P); 
0059:  BSF    03.5
005A:  BCF    06.3
005B:  BCF    03.5
005C:  BSF    06.3
....................          output_low(VERMELHO_P); 
005D:  BSF    03.5
005E:  BCF    06.4
005F:  BCF    03.5
0060:  BCF    06.4
....................          delay_ms(1500); 
0061:  MOVLW  06
0062:  MOVWF  22
0063:  MOVLW  FA
0064:  MOVWF  23
0065:  CALL   004
0066:  DECFSZ 22,F
0067:  GOTO   063
....................           
....................          for(i=1;i<=10;++i){ 
0068:  MOVLW  01
0069:  MOVWF  21
006A:  MOVF   21,W
006B:  SUBLW  0A
006C:  BTFSS  03.0
006D:  GOTO   086
....................             output_high(VERMELHO_P); 
006E:  BSF    03.5
006F:  BCF    06.4
0070:  BCF    03.5
0071:  BSF    06.4
....................             delay_ms(500); 
0072:  MOVLW  02
0073:  MOVWF  22
0074:  MOVLW  FA
0075:  MOVWF  23
0076:  CALL   004
0077:  DECFSZ 22,F
0078:  GOTO   074
....................             output_low(VERMELHO_P); 
0079:  BSF    03.5
007A:  BCF    06.4
007B:  BCF    03.5
007C:  BCF    06.4
....................             delay_ms(500); 
007D:  MOVLW  02
007E:  MOVWF  22
007F:  MOVLW  FA
0080:  MOVWF  23
0081:  CALL   004
0082:  DECFSZ 22,F
0083:  GOTO   07F
0084:  INCF   21,F
0085:  GOTO   06A
....................          } 
....................           
....................           
....................       } 
0086:  BSF    03.5
0087:  GOTO   023
....................  
....................    } 
.................... } 
0088:  SLEEP

Configuration Fuses:
   Word  1: 3F72   HS NOWDT PUT BROWNOUT NOLVP NOCPD NOWRT NODEBUG NOPROTECT
